{"dataframe_module": "polars", "n_rows": 2068, "n_columns": 7, "columns": [{"position": 0, "name": "city", "dtype": "String", "value_is_constant": false, "null_count": 0, "null_proportion": 0.0, "nulls_level": "ok", "n_unique": 3, "unique_proportion": 0.0014506769825918763, "high_cardinality": false, "value_counts": {"Paris": 1004, "London": 969, "Antwerpen": 95}, "plot_names": []}, {"position": 1, "name": "country", "dtype": "Categorical", "value_is_constant": false, "null_count": 0, "null_proportion": 0.0, "nulls_level": "ok", "n_unique": 3, "unique_proportion": 0.0014506769825918763, "high_cardinality": false, "value_counts": {"FR": 1004, "GB": 969, "BE": 95}, "plot_names": []}, {"position": 2, "name": "date.utc", "dtype": "Datetime", "value_is_constant": false, "null_count": 0, "null_proportion": 0.0, "nulls_level": "ok", "high_cardinality": true, "min": "2019-05-07T01:00:00+00:00", "max": "2019-06-21T00:00:00+00:00", "plot_names": []}, {"position": 3, "name": "location", "dtype": "String", "value_is_constant": false, "null_count": 0, "null_proportion": 0.0, "nulls_level": "ok", "n_unique": 3, "unique_proportion": 0.0014506769825918763, "high_cardinality": false, "value_counts": {"FR04014": 1004, "London Westminster": 969, "BETR801": 95}, "plot_names": []}, {"position": 4, "name": "parameter", "dtype": "String", "value_is_constant": true, "null_count": 0, "null_proportion": 0.0, "nulls_level": "ok", "n_unique": 1, "unique_proportion": 0.00048355899419729207, "high_cardinality": false, "value_counts": {"no2": 2068}, "constant_value": "no2", "plot_names": []}, {"position": 5, "name": "value", "dtype": "Float64", "value_is_constant": false, "null_count": 0, "null_proportion": 0.0, "nulls_level": "ok", "high_cardinality": true, "standard_deviation": 13.47945092948104, "mean": 26.261847195357834, "inter_quartile_range": 16.0, "quantiles": {"0.0": 0.0, "0.25": 17.0, "0.5": 25.0, "0.75": 33.0, "1.0": 97.0}, "plot_names": []}, {"position": 6, "name": "unit", "dtype": "String", "value_is_constant": true, "null_count": 0, "null_proportion": 0.0, "nulls_level": "ok", "n_unique": 1, "unique_proportion": 0.00048355899419729207, "high_cardinality": false, "value_counts": {"\u00b5g/m\u00b3": 2068}, "constant_value": "\u00b5g/m\u00b3", "plot_names": []}], "title": "air_quality_no2_long.parquet", "n_constant_columns": 2, "top_associations": [{"left_column": "city", "right_column": "country", "cramer_v": 1.0}, {"left_column": "country", "right_column": "location", "cramer_v": 1.0}, {"left_column": "city", "right_column": "location", "cramer_v": 1.0}]}
